load("@build_bazel_rules_swift//swift:swift.bzl", "swift_binary")

swift_binary(
    name = "MySwiftPackage",
    srcs = ["MySwiftPackage.swift"],
    copts = ["-parse-as-library"],
    module_name = "MySwiftPackage",
    visibility = ["//visibility:public"],
    deps = ["@apple_swift_argument_parser//Sources/ArgumentParser"],
)
