load("@build_bazel_rules_swift//swift:swift.bzl", "swift_binary")

swift_binary(
    name = "CountLines",
    srcs = ["CountLines.swift"],
    copts = ["-parse-as-library"],
    module_name = "CountLines",
    visibility = ["//visibility:public"],
    deps = ["@com_github_apple_swift_argument_parser//:ArgumentParser"],
)
