load("@build_bazel_rules_swift//swift:swift.bzl", "swift_binary")

swift_binary(
    name = "Repeat",
    srcs = [
        "Foo/Foo.swift",
        "Repeat.swift",
    ],
    module_name = "Repeat",
    visibility = ["//visibility:public"],
    deps = ["@com_github_apple_swift_argument_parser//:ArgumentParser"],
)
