load("@build_bazel_rules_swift//swift:swift.bzl", "swift_test")

swift_test(
    name = "StringUtilsTests",
    srcs = ["StaticStringTests.swift"],
    module_name = "StringUtilsTests",
    deps = ["//Sources/StringUtils"],
)
