load("@build_bazel_rules_swift//swift:swift.bzl", "swift_library")

swift_library(
    name = "Roll",
    srcs = ["main.swift"],
    module_name = "Roll",
    visibility = ["//visibility:public"],
    deps = ["@com_github_apple_swift_argument_parser//:ArgumentParser"],
)
