load("@build_bazel_rules_swift//swift:swift.bzl", "swift_binary", "swift_library", "swift_test")

swift_library(
    name = "MySwiftPackageLibrary",
    srcs = ["Sources/MySwiftPackage/MySwiftPackage.swift"],
    module_name = "MySwiftPackageLibrary",
    deps = ["@apple_swift_argument_parser//:ArgumentParser"],
)

swift_binary(
    name = "MySwiftPackage",
    module_name = "MySwiftPackage",
    visibility = ["//visibility:public"],
    deps = ["//:MySwiftPackageLibrary"],
)

swift_test(
    name = "MySwiftPackageTests",
    srcs = ["Tests/MySwiftPackageTests/MySwiftPackageTests.swift"],
    module_name = "MySwiftPackageTests",
    deps = ["//:MySwiftPackage"],
)
