load("@build_bazel_rules_swift//swift:swift.bzl", "swift_library")

swift_library(
    name = "MyLibrary",
    srcs = ["MyModel.swift"],
    module_name = "MyLibrary",
    visibility = ["//visibility:public"],
)
